// Jest Snapshot v1, https://goo.gl/fbAQLP

exports[`<ScriptList /> empty 1`] = `<styled.ul />`;

exports[`<ScriptList /> with scripts 1`] = `
<styled.ul>
  <ListItem
    buttons={
      <button
        onClick={[Function]}
      >
        run
      </button>
    }
    key="test"
    subtitle="jest"
    title="test"
  />
  <ListItem
    buttons={
      <button
        onClick={[Function]}
      >
        run
      </button>
    }
    key="lint"
    subtitle="eslint ."
    title="lint"
  />
</styled.ul>
`;
