// Jest Snapshot v1, https://goo.gl/fbAQLP

exports[`<ScriptList /> empty 1`] = `<styled.div />`;

exports[`<ScriptList /> with scripts 1`] = `
<styled.div>
  <styled.section
    key="test"
  >
    <styled.h2>
      test
    </styled.h2>
    <styled.div>
      jest
    </styled.div>
  </styled.section>
  <styled.section
    key="lint"
  >
    <styled.h2>
      lint
    </styled.h2>
    <styled.div>
      eslint .
    </styled.div>
  </styled.section>
</styled.div>
`;
